<li class="archived">
  <strong>No longer in active development.</strong>
</li>