<li class="license">
  <a href="https://example.com/license.html" title="MIT License">MIT</a> licensed
</li>