<?xml version="1.0" encoding="UTF-8"?>
<rss version="2.0" xmlns:atom="http://www.w3.org/2005/Atom" xmlns:content="http://purl.org/rss/1.0/modules/content">
  <channel>
    <title>feed title</title>
    <description>feed description</description>
    <link>https://SwiftPackageIndex.com</link>
    <item>
      <guid isPermaLink="true">http://localhost:8080/owner0/repo0</guid>
      <title>package0</title>
      <link>http://localhost:8080/owner0/repo0</link>
      <content:encoded><![CDATA[<h2><a href="http://localhost:8080/owner0/repo0">package0</a></h2><p>summary0</p><small><a href="http://localhost:8080/owner0/repo0">package0</a></small>]]></content:encoded>
    </item>
    <item>
      <guid isPermaLink="true">http://localhost:8080/owner1/repo1</guid>
      <title>package1</title>
      <link>http://localhost:8080/owner1/repo1</link>
      <content:encoded><![CDATA[<h2><a href="http://localhost:8080/owner1/repo1">package1</a></h2><p>summary1</p><small><a href="http://localhost:8080/owner1/repo1">package1</a></small>]]></content:encoded>
    </item>
  </channel>
</rss>