<?xml version="1.0" encoding="UTF-8"?><rss version="2.0" xmlns:atom="http://www.w3.org/2005/Atom" xmlns:content="http://purl.org/rss/1.0/modules/content"><channel><title>Swift Package Index â€“ Recent Releases</title><description>List of recent Swift packages releases</description><link>http://localhost:8080/releases.rss</link><ttl>60</ttl><atom:link href="http://localhost:8080/releases.rss" rel="self" type="application/rss+xml"/><item><guid isPermaLink="true">https://example.com/release-url</guid><title>pkg-12 - 4.0.0-b1</title><link>https://example.com/release-url</link><pubDate>Thu, 1 Jan 1970 00:00:12 +0000</pubDate><description><![CDATA[<p>Summary</p><small><a href="http://localhost:8080/owner-12/pkg-12">owner-12/pkg-12</a></small>]]></description></item><item><guid isPermaLink="true">https://example.com/release-url</guid><title>pkg-11 - 3.2.1-b1</title><link>https://example.com/release-url</link><pubDate>Thu, 1 Jan 1970 00:00:11 +0000</pubDate><description><![CDATA[<p>Summary</p><small><a href="http://localhost:8080/owner-11/pkg-11">owner-11/pkg-11</a></small>]]></description></item></channel></rss>