<?xml version="1.0" encoding="UTF-8"?>
<rss version="2.0" xmlns:atom="http://www.w3.org/2005/Atom" xmlns:content="http://purl.org/rss/1.0/modules/content">
  <channel>
    <title>Swift Package Index â€“ Recently Added</title>
    <description>List of recently added Swift packages</description>
    <link>http://localhost:8080/packages.rss</link>
    <ttl>60</ttl>
    <item>
      <guid isPermaLink="true">http://localhost:8080/owner-10/pkg-10</guid>
      <title>pkg-10</title>
      <link>http://localhost:8080/owner-10/pkg-10</link>
      <pubDate>Thu, 1 Jan 1970 00:16:40 +0000</pubDate>
      <content:encoded><![CDATA[<h2><a href="http://localhost:8080/owner-10/pkg-10">pkg-10</a></h2><p></p><small><a href="http://localhost:8080/owner-10/pkg-10">pkg-10</a></small>]]></content:encoded>
    </item>
    <item>
      <guid isPermaLink="true">http://localhost:8080/owner-9/pkg-9</guid>
      <title>pkg-9</title>
      <link>http://localhost:8080/owner-9/pkg-9</link>
      <pubDate>Thu, 1 Jan 1970 00:15:00 +0000</pubDate>
      <content:encoded><![CDATA[<h2><a href="http://localhost:8080/owner-9/pkg-9">pkg-9</a></h2><p></p><small><a href="http://localhost:8080/owner-9/pkg-9">pkg-9</a></small>]]></content:encoded>
    </item>
    <item>
      <guid isPermaLink="true">http://localhost:8080/owner-8/pkg-8</guid>
      <title>pkg-8</title>
      <link>http://localhost:8080/owner-8/pkg-8</link>
      <pubDate>Thu, 1 Jan 1970 00:13:20 +0000</pubDate>
      <content:encoded><![CDATA[<h2><a href="http://localhost:8080/owner-8/pkg-8">pkg-8</a></h2><p></p><small><a href="http://localhost:8080/owner-8/pkg-8">pkg-8</a></small>]]></content:encoded>
    </item>
    <item>
      <guid isPermaLink="true">http://localhost:8080/owner-7/pkg-7</guid>
      <title>pkg-7</title>
      <link>http://localhost:8080/owner-7/pkg-7</link>
      <pubDate>Thu, 1 Jan 1970 00:11:40 +0000</pubDate>
      <content:encoded><![CDATA[<h2><a href="http://localhost:8080/owner-7/pkg-7">pkg-7</a></h2><p></p><small><a href="http://localhost:8080/owner-7/pkg-7">pkg-7</a></small>]]></content:encoded>
    </item>
    <item>
      <guid isPermaLink="true">http://localhost:8080/owner-6/pkg-6</guid>
      <title>pkg-6</title>
      <link>http://localhost:8080/owner-6/pkg-6</link>
      <pubDate>Thu, 1 Jan 1970 00:10:00 +0000</pubDate>
      <content:encoded><![CDATA[<h2><a href="http://localhost:8080/owner-6/pkg-6">pkg-6</a></h2><p></p><small><a href="http://localhost:8080/owner-6/pkg-6">pkg-6</a></small>]]></content:encoded>
    </item>
    <item>
      <guid isPermaLink="true">http://localhost:8080/owner-5/pkg-5</guid>
      <title>pkg-5</title>
      <link>http://localhost:8080/owner-5/pkg-5</link>
      <pubDate>Thu, 1 Jan 1970 00:08:20 +0000</pubDate>
      <content:encoded><![CDATA[<h2><a href="http://localhost:8080/owner-5/pkg-5">pkg-5</a></h2><p></p><small><a href="http://localhost:8080/owner-5/pkg-5">pkg-5</a></small>]]></content:encoded>
    </item>
    <item>
      <guid isPermaLink="true">http://localhost:8080/owner-4/pkg-4</guid>
      <title>pkg-4</title>
      <link>http://localhost:8080/owner-4/pkg-4</link>
      <pubDate>Thu, 1 Jan 1970 00:06:40 +0000</pubDate>
      <content:encoded><![CDATA[<h2><a href="http://localhost:8080/owner-4/pkg-4">pkg-4</a></h2><p></p><small><a href="http://localhost:8080/owner-4/pkg-4">pkg-4</a></small>]]></content:encoded>
    </item>
    <item>
      <guid isPermaLink="true">http://localhost:8080/owner-3/pkg-3</guid>
      <title>pkg-3</title>
      <link>http://localhost:8080/owner-3/pkg-3</link>
      <pubDate>Thu, 1 Jan 1970 00:05:00 +0000</pubDate>
      <content:encoded><![CDATA[<h2><a href="http://localhost:8080/owner-3/pkg-3">pkg-3</a></h2><p></p><small><a href="http://localhost:8080/owner-3/pkg-3">pkg-3</a></small>]]></content:encoded>
    </item>
  </channel>
</rss>