<?xml version="1.0" encoding="UTF-8"?>
<rss version="2.0" xmlns:atom="http://www.w3.org/2005/Atom" xmlns:content="http://purl.org/rss/1.0/modules/content">
  <channel>
    <title>Swift Package Index – Recent Releases</title>
    <description>List of recent Swift packages releases</description>
    <link>http://localhost:8080/releases.rss</link>
    <ttl>60</ttl>
    <item>
      <guid isPermaLink="true">http://localhost:8080/owner-10/pkg-10</guid>
      <title>pkg-10</title>
      <link>http://localhost:8080/owner-10/pkg-10</link>
      <pubDate>Thu, 1 Jan 1970 00:00:10 +0000</pubDate>
      <content:encoded><![CDATA[<h2><a href="http://localhost:8080/owner-10/pkg-10">pkg-10 – 10.0.0</a></h2><p></p><small><a href="http://localhost:8080/owner-10/pkg-10">pkg-10</a></small>]]></content:encoded>
    </item>
    <item>
      <guid isPermaLink="true">http://localhost:8080/owner-9/pkg-9</guid>
      <title>pkg-9</title>
      <link>http://localhost:8080/owner-9/pkg-9</link>
      <pubDate>Thu, 1 Jan 1970 00:00:09 +0000</pubDate>
      <content:encoded><![CDATA[<h2><a href="http://localhost:8080/owner-9/pkg-9">pkg-9 – 9.0.0</a></h2><p></p><small><a href="http://localhost:8080/owner-9/pkg-9">pkg-9</a></small>]]></content:encoded>
    </item>
    <item>
      <guid isPermaLink="true">http://localhost:8080/owner-8/pkg-8</guid>
      <title>pkg-8</title>
      <link>http://localhost:8080/owner-8/pkg-8</link>
      <pubDate>Thu, 1 Jan 1970 00:00:08 +0000</pubDate>
      <content:encoded><![CDATA[<h2><a href="http://localhost:8080/owner-8/pkg-8">pkg-8 – 8.0.0</a></h2><p></p><small><a href="http://localhost:8080/owner-8/pkg-8">pkg-8</a></small>]]></content:encoded>
    </item>
    <item>
      <guid isPermaLink="true">http://localhost:8080/owner-7/pkg-7</guid>
      <title>pkg-7</title>
      <link>http://localhost:8080/owner-7/pkg-7</link>
      <pubDate>Thu, 1 Jan 1970 00:00:07 +0000</pubDate>
      <content:encoded><![CDATA[<h2><a href="http://localhost:8080/owner-7/pkg-7">pkg-7 – 7.0.0</a></h2><p></p><small><a href="http://localhost:8080/owner-7/pkg-7">pkg-7</a></small>]]></content:encoded>
    </item>
    <item>
      <guid isPermaLink="true">http://localhost:8080/owner-6/pkg-6</guid>
      <title>pkg-6</title>
      <link>http://localhost:8080/owner-6/pkg-6</link>
      <pubDate>Thu, 1 Jan 1970 00:00:06 +0000</pubDate>
      <content:encoded><![CDATA[<h2><a href="http://localhost:8080/owner-6/pkg-6">pkg-6 – 6.0.0</a></h2><p></p><small><a href="http://localhost:8080/owner-6/pkg-6">pkg-6</a></small>]]></content:encoded>
    </item>
    <item>
      <guid isPermaLink="true">http://localhost:8080/owner-5/pkg-5</guid>
      <title>pkg-5</title>
      <link>http://localhost:8080/owner-5/pkg-5</link>
      <pubDate>Thu, 1 Jan 1970 00:00:05 +0000</pubDate>
      <content:encoded><![CDATA[<h2><a href="http://localhost:8080/owner-5/pkg-5">pkg-5 – 5.0.0</a></h2><p></p><small><a href="http://localhost:8080/owner-5/pkg-5">pkg-5</a></small>]]></content:encoded>
    </item>
    <item>
      <guid isPermaLink="true">http://localhost:8080/owner-4/pkg-4</guid>
      <title>pkg-4</title>
      <link>http://localhost:8080/owner-4/pkg-4</link>
      <pubDate>Thu, 1 Jan 1970 00:00:04 +0000</pubDate>
      <content:encoded><![CDATA[<h2><a href="http://localhost:8080/owner-4/pkg-4">pkg-4 – 4.0.0</a></h2><p></p><small><a href="http://localhost:8080/owner-4/pkg-4">pkg-4</a></small>]]></content:encoded>
    </item>
    <item>
      <guid isPermaLink="true">http://localhost:8080/owner-3/pkg-3</guid>
      <title>pkg-3</title>
      <link>http://localhost:8080/owner-3/pkg-3</link>
      <pubDate>Thu, 1 Jan 1970 00:00:03 +0000</pubDate>
      <content:encoded><![CDATA[<h2><a href="http://localhost:8080/owner-3/pkg-3">pkg-3 – 3.0.0</a></h2><p></p><small><a href="http://localhost:8080/owner-3/pkg-3">pkg-3</a></small>]]></content:encoded>
    </item>
  </channel>
</rss>