<turbo-frame id="readme">
  <hr/>
  <article class="readme" data-readme-base-url="https://example.com/foo/bar/"><p>This is README content.</p>
</article>
</turbo-frame>