<!DOCTYPE html>
<html><!--Version: nil-->
  <head>
    <meta name="robots" content="noindex"/>
    <meta name="viewport" content="width=device-width, initial-scale=1.0"/>
    <meta charset="UTF-8"/>
    <meta name="og:site_name" content="The Swift Package Index"/>
    <link rel="canonical" href="http://localhost:8080/"/>
    <meta name="twitter:url" content="http://localhost:8080/"/>
    <meta name="og:url" content="http://localhost:8080/"/>
    <title>Swift Package Index</title>
    <meta name="twitter:title" content="Swift Package Index"/>
    <meta name="og:title" content="Swift Package Index"/>
    <meta name="description" content="The Swift Package Index is the place to find the best Swift packages."/>
    <meta name="twitter:description" content="The Swift Package Index is the place to find the best Swift packages."/>
    <meta name="og:description" content="The Swift Package Index is the place to find the best Swift packages."/>
    <meta name="twitter:card" content="summary"/>
    <meta name="twitter:image" content="http://localhost:8080/images/logo.png"/>
    <meta name="og:image" content="http://localhost:8080/images/logo.png"/>
    <link rel="shortcut icon" href="/images/logo-simple.png" type="image/png"/>
    <link rel="stylesheet" href="https://cdnjs.cloudflare.com/ajax/libs/normalize/8.0.1/normalize.min.css"/>
    <link rel="stylesheet" href="/main.css?test" data-turbolinks-track="reload"/>
    <link rel="alternate" type="application/rss+xml" title="Swift Package Index – Recently Added" href="http://localhost:8080/packages.rss"/>
    <link rel="alternate" type="application/rss+xml" title="Swift Package Index – Recent Releases" href="http://localhost:8080/releases.rss"/>
    <link rel="alternate" type="application/rss+xml" title="Swift Package Index – Recent Major Releases" href="http://localhost:8080/releases.rss?major=true"/>
    <link rel="alternate" type="application/rss+xml" title="Swift Package Index – Recent Major & Minor Releases" href="http://localhost:8080/releases.rss?major=true&minor=true"/>
    <link rel="alternate" type="application/rss+xml" title="Swift Package Index – Recent Pre-Releases" href="http://localhost:8080/releases.rss?pre=true"/>
    <script src="/main.js?test" data-turbolinks-track="reload" defer="true"></script>
  </head>
  <body>
    <div class="staging">Staging / Development</div>
    <header>
      <div class="inner">
        <a href="/">
          <h1>
            <img src="/images/logo.svg"/>Swift Package Index
          </h1>
        </a>
        <nav>
          <ul>
            <li class="menu_scta">
              <a id="menu_scta" href="https://github.com/sponsors/SwiftPackageIndex"></a>
              <div id="menu_scta_help">This site is entirely funded by community donations. Please consider sponsoring this project. 
                <strong>Thank you!</strong>
              </div>
            </li>
            <li>
              <a href="/add-a-package">Add a Package</a>
            </li>
            <li>
              <a href="https://blog.swiftpackageindex.com">Blog</a>
            </li>
            <li>
              <a href="/faq">FAQ</a>
            </li>
          </ul>
        </nav>
      </div>
    </header>
    <main>
      <div class="inner">
        <section class="search">
          <form action="/search">
            <input id="query" name="query" type="search" placeholder="Search" spellcheck="false" autocomplete="off" data-gramm="false" value="query" autofocus="true"/>
            <button type="submit">
              <div title="Search"></div>
            </button>
          </form>
        </section>
        <section class="results">
          <p>Results for &ldquo;
            <strong>query</strong>&rdquo;&hellip;
          </p>
          <ul id="package_list" data-focus-query-field="true">
            <li>
              <a href="https://github.com/foo/0">
                <h4>Package 0</h4>
                <p>Package number 0</p>
                <small>foo/bar-0</small>
              </a>
            </li>
            <li>
              <a href="https://github.com/foo/1">
                <h4>Package 1</h4>
                <p>Package number 1</p>
                <small>foo/bar-1</small>
              </a>
            </li>
            <li>
              <a href="https://github.com/foo/2">
                <h4>Package 2</h4>
                <p>Package number 2</p>
                <small>foo/bar-2</small>
              </a>
            </li>
            <li>
              <a href="https://github.com/foo/3">
                <h4>Package 3</h4>
                <p>Package number 3</p>
                <small>foo/bar-3</small>
              </a>
            </li>
            <li>
              <a href="https://github.com/foo/4">
                <h4>Package 4</h4>
                <p>Package number 4</p>
                <small>foo/bar-4</small>
              </a>
            </li>
            <li>
              <a href="https://github.com/foo/5">
                <h4>Package 5</h4>
                <p>Package number 5</p>
                <small>foo/bar-5</small>
              </a>
            </li>
            <li>
              <a href="https://github.com/foo/6">
                <h4>Package 6</h4>
                <p>Package number 6</p>
                <small>foo/bar-6</small>
              </a>
            </li>
            <li>
              <a href="https://github.com/foo/7">
                <h4>Package 7</h4>
                <p>Package number 7</p>
                <small>foo/bar-7</small>
              </a>
            </li>
            <li>
              <a href="https://github.com/foo/8">
                <h4>Package 8</h4>
                <p>Package number 8</p>
                <small>foo/bar-8</small>
              </a>
            </li>
            <li>
              <a href="https://github.com/foo/9">
                <h4>Package 9</h4>
                <p>Package number 9</p>
                <small>foo/bar-9</small>
              </a>
            </li>
          </ul>
          <ul class="pagination">
            <li class="previous">
              <a href="/search?query=query&page=2">Previous Page</a>
            </li>
            <li class="next">
              <a href="/search?query=query&page=4">Next Page</a>
            </li>
          </ul>
        </section>
      </div>
    </main>
    <footer>
      <div class="inner">
        <nav>
          <ul>
            <li>
              <a href="https://blog.swiftpackageindex.com">Blog</a>
            </li>
            <li>
              <a href="https://github.com/SwiftPackageIndex/SwiftPackageIndex-Server">GitHub</a>
            </li>
            <li>
              <a href="/privacy">Privacy and Cookies</a>
            </li>
            <li>
              <a href="https://twitter.com/swiftpackages">Twitter</a>
            </li>
          </ul>
          <small>Kindly hosted by
            <a href="https://macstadium.com/">MacStadium</a>and
            <a href="https://azure.microsoft.com">Microsoft Azure</a>
          </small>
        </nav>
      </div>
    </footer>
    <div class="staging">Staging / Development</div>
  </body>
</html>