<!DOCTYPE html>
<html><!--Version: dev - will be overriden in release builds-->
  <head>
    <meta name="robots" content="noindex"/>
    <meta name="viewport" content="width=device-width, initial-scale=1.0"/>
    <meta charset="UTF-8"/>
    <meta name="og:site_name" content="The Swift Package Index"/>
    <link rel="canonical" href="http://localhost:8080/"/>
    <meta name="twitter:url" content="http://localhost:8080/"/>
    <meta name="og:url" content="http://localhost:8080/"/>
    <title>Swift Package Index</title>
    <meta name="twitter:title" content="Swift Package Index"/>
    <meta name="og:title" content="Swift Package Index"/>
    <meta name="description" content="The Swift Package Index is the place to find the best Swift packages."/>
    <meta name="twitter:description" content="The Swift Package Index is the place to find the best Swift packages."/>
    <meta name="og:description" content="The Swift Package Index is the place to find the best Swift packages."/>
    <meta name="twitter:card" content="summary"/>
    <meta name="twitter:image" content="http://localhost:8080/images/logo.png"/>
    <meta name="og:image" content="http://localhost:8080/images/logo.png"/>
    <link rel="shortcut icon" href="/images/logo-simple.png" type="image/png"/>
    <link rel="stylesheet" href="https://cdnjs.cloudflare.com/ajax/libs/normalize/8.0.1/normalize.min.css"/>
    <link rel="stylesheet" href="/stylesheets/main.min.css?0"/>
    <link rel="alternate" type="application/rss+xml" title="Swift Package Index – Recently Added" href="http://localhost:8080/packages.rss"/>
    <link rel="alternate" type="application/rss+xml" title="Swift Package Index – Recent Releases" href="http://localhost:8080/releases.rss"/>
    <link rel="alternate" type="application/rss+xml" title="Swift Package Index – Recent Major Releases" href="http://localhost:8080/releases.rss?major=true"/>
    <link rel="alternate" type="application/rss+xml" title="Swift Package Index – Recent Major & Minor Releases" href="http://localhost:8080/releases.rss?major=true&minor=true"/>
    <link rel="alternate" type="application/rss+xml" title="Swift Package Index – Recent Pre-Releases" href="http://localhost:8080/releases.rss?pre=true"/>
    <script src="/javascripts/main.min.js?0"></script>
  </head>
  <body>
    <div class="staging">Staging / Development</div>
    <header>
      <div class="inner">
        <a href="/">
          <h1>
            <img src="/images/logo.svg"/>Swift Package Index
          </h1>
        </a>
        <nav>
          <ul>
            <li class="menu_scta">
              <a id="menu_scta" href="https://github.com/sponsors/SwiftPackageIndex"></a>
              <div id="menu_scta_help">This site is entirely funded by community donations. Please consider sponsoring this project. 
                <strong>Thank you!</strong>
              </div>
            </li>
            <li>
              <a href="/add-a-package">Add a Package</a>
            </li>
            <li>
              <a href="https://blog.swiftpackageindex.com">Blog</a>
            </li>
            <li>
              <a href="/faq">FAQ</a>
            </li>
            <li>
              <a href="/">Search</a>
            </li>
          </ul>
        </nav>
      </div>
    </header>
    <main>
      <div class="inner">
        <div>
          <h2>Information for Example Package Maintainers</h2>
          <p>Are you the author, or a maintainer of 
            <a href="http://localhost:8080/example/package">Example Package</a>? Here's what you need to know to make your package's page on the Swift Package Index, and your README both show the best information about your package.
          </p>
          <h3>Compatibility Badges</h3>
          <p>You can add 
            <a href="https://shields.io">shields.io</a> badges to your package's README file. Display your package's compatibility with recent versions of Swift, or with different platforms, or both!
          </p>
          <strong>Swift Version Compatibility Badge</strong>
          <div class="badge_markdown">
            <form>
              <input type="text" class="badge_markdown" value="[![](https://img.shields.io/endpoint?url=http%3A%2F%2Flocalhost%3A8080%2Fapi%2Fpackages%2Fexample%2Fpackage%2Fbadge%3Ftype%3Dswift-versions)](http://localhost:8080/example/package)" readonly="true"/>
            </form>
            <img src="https://img.shields.io/endpoint?url=http%3A%2F%2Flocalhost%3A8080%2Fapi%2Fpackages%2Fexample%2Fpackage%2Fbadge%3Ftype%3Dswift-versions"/>
          </div>
          <strong>Platform Compatibility Badge</strong>
          <div class="badge_markdown">
            <form>
              <input type="text" class="badge_markdown" value="[![](https://img.shields.io/endpoint?url=http%3A%2F%2Flocalhost%3A8080%2Fapi%2Fpackages%2Fexample%2Fpackage%2Fbadge%3Ftype%3Dplatforms)](http://localhost:8080/example/package)" readonly="true"/>
            </form>
            <img src="https://img.shields.io/endpoint?url=http%3A%2F%2Flocalhost%3A8080%2Fapi%2Fpackages%2Fexample%2Fpackage%2Fbadge%3Ftype%3Dplatforms"/>
          </div>
          <p>Copy the Markdown above into your package's README file to show always-up-to-date compatibility status for your package.</p>
          <h3>Build Compatibility</h3>
          <p>For information on improving your 
            <a href="/example/package/builds">package's build results</a>, including why you might want to add a 
            <code>.spi.yml</code> which controls the Swift Package Index build system, see the 
            <a href="/docs/builds">build system documentation</a>.
          </p>
        </div>
      </div>
    </main>
    <footer>
      <div class="inner">
        <nav>
          <ul>
            <li>
              <a href="https://blog.swiftpackageindex.com">Blog</a>
            </li>
            <li>
              <a href="https://github.com/SwiftPackageIndex/SwiftPackageIndex-Server">GitHub</a>
            </li>
            <li>
              <a href="/privacy">Privacy and Cookies</a>
            </li>
            <li>
              <a href="https://twitter.com/swiftpackages">Twitter</a>
            </li>
          </ul>
          <small>Kindly hosted by
            <a href="https://macstadium.com/">MacStadium</a>
          </small>
        </nav>
      </div>
    </footer>
    <div class="staging">Staging / Development</div>
  </body>
</html>