<!DOCTYPE html>
<html>
  <head>
    <meta charset="UTF-8"/>
    <meta name="viewport" content="width=device-width, initial-scale=1, shrink-to-fit=no"/>
    <link rel="stylesheet" href="https://stackpath.bootstrapcdn.com/bootstrap/4.1.3/css/bootstrap.min.css" integrity="sha384-MCw98/SFnGE8fJT3GXwEOngsV7Zt27NXFoaoApmYm81iuXoPkFOJwJ8ERdknLPMO" crossorigin="anonymous"/>
    <link href="/stylesheets/grid.css" rel="stylesheet"/>
    <title>Swift Package Index</title>
    <meta name="twitter:title" content="Swift Package Index"/>
    <meta name="og:title" content="Swift Package Index"/>
  </head>
  <body>
    <div class="container">
      <div class="row">
        <h2>Swift Package Index</h2>
      </div>
      <form action="/api/packages/run/reconcile" method="get">
        <div class="row">
          <input class="btn btn-primary" type="submit" value="Reconcile"/>
        </div>
        <div class="row">
          <label>Reconcile the package list with the Package Index.</label>
        </div>
      </form>
      <form action="/api/packages/run/ingest" method="get">
        <div class="row">
          <input class="btn btn-primary" type="submit" value="Ingest"/>
        </div>
        <div class="row">
          <label>Ingest metadata for a batch of packages.</label>
        </div>
      </form>
    </div>
  </body>
</html>