<!DOCTYPE html>
<html>
  <head>
    <meta name="viewport" content="width=device-width, initial-scale=1.0"/>
    <title>Alamofire &ndash; Swift Package Index</title>
    <meta name="twitter:title" content="Alamofire &ndash; Swift Package Index"/>
    <meta name="og:title" content="Alamofire &ndash; Swift Package Index"/>
    <link rel="stylesheet" href="https://cdnjs.cloudflare.com/ajax/libs/normalize/8.0.1/normalize.min.css"/>
    <link rel="stylesheet" href="https://fonts.googleapis.com/css2?family=Open+Sans:ital,wght@0,400;0,600;0,700;1,400;1,600;1,700&display=swap"/>
    <link rel="stylesheet" href="http://173.255.229.82:8080/stylesheets/main.css"/>
  </head>
  <body>
    <header>
      <div class="inner">
        <a href="/">
          <h1>
            <img src="/images/logo.svg"/>Swift Package Index
          </h1>
        </a>
        <nav>
          <ul>
            <li>
              <a href="#">Add a Package</a>
            </li>
            <li>
              <a href="#">About</a>
            </li>
            <li>
              <a href="#">Search</a>
            </li>
          </ul>
        </nav>
      </div>
    </header>
    <main>
      <div class="inner">
        <div class="split">
          <div>
            <h2>Alamofire</h2>
            <small>
              <a href="https://github.com/Alamofire/Alamofire.git">https://github.com/Alamofire/Alamofire.git</a>
            </small>
          </div>
          <div class="license" title="MIT License">MIT</div>
        </div>
        <hr/>
        <p class="description">Lorem ipsum dolor sit amet, consectetur adipiscing elit. Quisque quis porttitor erat. Vivamus porttitor mi odio, quis imperdiet velit blandit id. Vivamus vehicula urna eget ipsum laoreet, sed porttitor sapien malesuada. Mauris faucibus tellus at augue vehicula, vitae aliquet felis ullamcorper. Praesent vitae leo rhoncus, egestas elit id, porttitor lacus. Cras ac bibendum mauris. Praesent luctus quis nulla sit amet tempus. Ut pharetra non augue sed pellentesque.</p>
        <ul class="metadata">
          <li class="authors">By 
            <a href="https://github.com/cnoon">Christian Noon</a>, 
            <a href="https://github.com/mattt">Mattt</a>, 
            <a href="https://github.com/jshier">Jon Shier</a>, 
            <a href="https://github.com/kcharwood">Kevin Harwood</a>, and 
            <a href="https://github.com/Alamofire/Alamofire/graphs/contributors">186 other contributors</a>.
          </li>
          <li class="history">In development for over 5 years, with 
            <a href="https://github.com/Alamofire/Alamofire/commits/master">1,433 commits</a> and 
            <a href="https://github.com/Alamofire/Alamofire/releases">79 releases</a>.
          </li>
          <li class="activity">There are 
            <a href="https://github.com/Alamofire/Alamofire/issues">27 open issues</a>, and 
            <a href="https://github.com/Alamofire/Alamofire/pulls">5 open pull requests</a>. The last pull request was closed/merged 6 days ago.
          </li>
          <li class="products">Alamofire contains 
            <strong>3 libraries</strong> and 
            <strong>1 executable</strong>.
          </li>
        </ul>
        <hr class="short"></hr>
      </div>
    </main>
    <footer>
      <div class="inner">
        <nav>
          <ul>
            <li>
              <a href="https://github.com/SwiftPackageIndex/SwiftPackageIndex-Server">GitHub</a>
            </li>
            <li>
              <a href="/privacy">Privacy and Cookies</a>
            </li>
            <li>
              <a href="https://twitter.com/swiftpackages">Twitter</a>
            </li>
          </ul>
        </nav>
      </div>
    </footer>
  </body>
</html>