<!doctype html>
<html lang="en">
 <head> 
  <meta charset="UTF-8"> 
  <meta name="viewport" content="width=device-width, initial-scale=1.0"> 
  <title>DocC Template Page</title> 
  <link rel="stylesheet" href="/path/to/some/styles.css?12345"> 
  <script src="/path/to/some/script.js?12345" defer></script> 
  <link rel="stylesheet" href="/docc.css?test">
 </head> 
 <body>
  <header class="spi">
   <div class="inner branding_and_menu">
    <a href="/"><h1><img src="/images/logo.svg" alt="Swift Package Index Logo">Swift Package Index</h1></a>
    <nav class="menu">
     <ul>
      <li><a href="/add-a-package">Add a Package</a></li>
      <li><a href="https://blog.swiftpackageindex.com">Blog</a></li>
      <li><a href="/faq">FAQ</a></li>
      <li><a href="/search">Package Search</a></li>
     </ul>
    </nav>
   </div>
   <div class="inner breadcrumbs">
    <nav>
     <ul>
      <li><a href="/"><span>Home</span></a></li>
      <li><a href="/owner"><span>Owner Name</span></a></li>
      <li><a href="/owner/package"><span>Package Name</span></a></li>
      <li>
       <div class="choices">
        <span>Documentation for <span class="branch">main</span></span>
        <ul>
         <li><a href="/owner/package/main/documentation/archive1"><span class="branch">main</span></a></li>
         <li><a href="/owner/package/1.0.0-beta1/documentation/archive1"><span class="beta">1.0.0-beta1</span></a></li>
         <li><a href="/owner/package/1.0.1/documentation/archive1"><span class="stable">1.0.1</span></a></li>
        </ul>
       </div></li>
     </ul>
    </nav>
   </div>
   <div class="latest_stable_wrap">
    <div class="inner latest_stable">
     This documentation is from the Package Name main branch and may not reflect the latest stable release. 
     <a href="/owner/package/1.0.1/documentation/archive1">View latest stable docs</a>.
    </div>
   </div>
   <div class="doc_archives_wrap">
    <div class="inner doc_archives">
     <nav>
      <ul>
       <li>Documentation for:</li>
       <li><a href="/owner/package/main/documentation/archive1">Archive1</a></li>
       <li><a href="/owner/package/main/documentation/archive2">Archive2</a></li>
      </ul>
     </nav>
    </div>
   </div>
  </header> 
  <p>This is DocC content.</p>   
  <footer class="spi">
   <div class="inner">
    <nav>
     <ul>
      <li><a href="https://blog.swiftpackageindex.com">Blog</a></li>
      <li><a href="https://github.com/SwiftPackageIndex/SwiftPackageIndex-Server">GitHub</a></li>
      <li><a href="/privacy">Privacy and Cookies</a></li>
      <li><a href="https://swiftpackageindex.statuspage.io">Uptime and System Status</a></li>
      <li><a href="https://twitter.com/swiftpackages">Twitter</a></li>
     </ul>
     <small>The Swift Package Index is entirely funded by sponsorship. Thank you to <a href="https://github.com/SwiftPackageIndex/SwiftPackageIndex-Server#funding-and-sponsorship">all our sponsors for their generosity</a>.</small>
    </nav>
   </div>
  </footer>
 </body>
</html>