<!DOCTYPE html>
<html lang="en"><!--Version: nil-->
  <head>
    <meta name="robots" content="noindex"/>
    <meta name="viewport" content="width=device-width, initial-scale=1.0"/>
    <meta charset="UTF-8"/>
    <meta name="og:site_name" content="The Swift Package Index"/>
    <link rel="canonical" href="http://localhost:8080/"/>
    <meta name="twitter:url" content="http://localhost:8080/"/>
    <meta name="og:url" content="http://localhost:8080/"/>
    <title>Packages by Test Author &ndash; Swift Package Index</title>
    <meta name="twitter:title" content="Packages by Test Author &ndash; Swift Package Index"/>
    <meta name="og:title" content="Packages by Test Author &ndash; Swift Package Index"/>
    <meta name="description" content="The Swift Package Index is indexing 1 package authored by Test Author."/>
    <meta name="twitter:description" content="The Swift Package Index is indexing 1 package authored by Test Author."/>
    <meta name="og:description" content="The Swift Package Index is indexing 1 package authored by Test Author."/>
    <meta name="twitter:card" content="summary"/>
    <meta name="twitter:image" content="http://localhost:8080/images/logo.png"/>
    <meta name="og:image" content="http://localhost:8080/images/logo.png"/>
    <link rel="shortcut icon" href="/images/logo-simple.png" type="image/png"/>
    <link rel="stylesheet" href="/main.css?test" data-turbolinks-track="reload"/>
    <link rel="alternate" type="application/rss+xml" title="Swift Package Index – Recently Added" href="http://localhost:8080/packages.rss"/>
    <link rel="alternate" type="application/rss+xml" title="Swift Package Index – Recent Releases" href="http://localhost:8080/releases.rss"/>
    <link rel="alternate" type="application/rss+xml" title="Swift Package Index – Recent Major Releases" href="http://localhost:8080/releases.rss?major=true"/>
    <link rel="alternate" type="application/rss+xml" title="Swift Package Index – Recent Major & Minor Releases" href="http://localhost:8080/releases.rss?major=true&minor=true"/>
    <link rel="alternate" type="application/rss+xml" title="Swift Package Index – Recent Pre-Releases" href="http://localhost:8080/releases.rss?pre=true"/>
    <script src="/main.js?test" data-turbolinks-track="reload" defer></script>
  </head>
  <body>
    <div class="staging">Staging / Development</div>
    <header>
      <div class="inner">
        <a href="/">
          <h1>
            <img alt="The Swift Package Index logo." src="/images/logo.svg"/>Swift Package Index
          </h1>
        </a>
        <nav>
          <ul>
            <li class="menu_scta">
              <a id="menu_scta" href="https://github.com/sponsors/SwiftPackageIndex"></a>
              <div id="menu_scta_help">This site is entirely funded by community donations. Please consider sponsoring this project. 
                <strong>Thank you!</strong>
              </div>
            </li>
            <li>
              <a href="/add-a-package">Add a Package</a>
            </li>
            <li>
              <a href="https://blog.swiftpackageindex.com">Blog</a>
            </li>
            <li>
              <a href="/faq">FAQ</a>
            </li>
            <li class="search">
              <form action="/search">
                <input id="query" name="query" type="search" placeholder="Search" spellcheck="false" autocomplete="off" data-gramm="false" data-focus="false"/>
                <button type="submit">
                  <div title="Search"></div>
                </button>
              </form>
              <a href="/search" title="Search"></a>
            </li>
          </ul>
        </nav>
      </div>
    </header>
    <main>
      <div class="inner">
        <h2 class="trimmed">Packages authored by Test Author</h2>
        <p>These packages are available as a package collection, 
          <a href="/package-collections">usable in Xcode 13 or the Swift Package Manager 5.5</a>.
        </p>
        <form class="copyable_input">
          <input type="text" data-button-name="Copy Package Collection URL" data-event-name="Copy Package Collection URL Button" value="http://localhost:8080/test-author/collection.json" readonly/>
        </form>
        <hr class="minor"/>
        <ul id="package_list">
          <li>
            <a>
              <h4>vapor-1</h4>
              <p>Lorem ipsum dolor sit amet, consectetur adipiscing elit. Maecenas nec orci scelerisque, interdum purus a, tempus turpis.</p>
            </a>
          </li>
          <li>
            <a>
              <h4>vapor-2</h4>
              <p>Lorem ipsum dolor sit amet, consectetur adipiscing elit. Maecenas nec orci scelerisque, interdum purus a, tempus turpis.</p>
            </a>
          </li>
          <li>
            <a>
              <h4>vapor-3</h4>
              <p>Lorem ipsum dolor sit amet, consectetur adipiscing elit. Maecenas nec orci scelerisque, interdum purus a, tempus turpis.</p>
            </a>
          </li>
          <li>
            <a>
              <h4>vapor-4</h4>
              <p>Lorem ipsum dolor sit amet, consectetur adipiscing elit. Maecenas nec orci scelerisque, interdum purus a, tempus turpis.</p>
            </a>
          </li>
          <li>
            <a>
              <h4>vapor-5</h4>
              <p>Lorem ipsum dolor sit amet, consectetur adipiscing elit. Maecenas nec orci scelerisque, interdum purus a, tempus turpis.</p>
            </a>
          </li>
          <li>
            <a>
              <h4>vapor-6</h4>
              <p>Lorem ipsum dolor sit amet, consectetur adipiscing elit. Maecenas nec orci scelerisque, interdum purus a, tempus turpis.</p>
            </a>
          </li>
          <li>
            <a>
              <h4>vapor-7</h4>
              <p>Lorem ipsum dolor sit amet, consectetur adipiscing elit. Maecenas nec orci scelerisque, interdum purus a, tempus turpis.</p>
            </a>
          </li>
          <li>
            <a>
              <h4>vapor-8</h4>
              <p>Lorem ipsum dolor sit amet, consectetur adipiscing elit. Maecenas nec orci scelerisque, interdum purus a, tempus turpis.</p>
            </a>
          </li>
          <li>
            <a>
              <h4>vapor-9</h4>
              <p>Lorem ipsum dolor sit amet, consectetur adipiscing elit. Maecenas nec orci scelerisque, interdum purus a, tempus turpis.</p>
            </a>
          </li>
          <li>
            <a>
              <h4>vapor-10</h4>
              <p>Lorem ipsum dolor sit amet, consectetur adipiscing elit. Maecenas nec orci scelerisque, interdum purus a, tempus turpis.</p>
            </a>
          </li>
        </ul>
        <p>
          <strong>10 packages.</strong>
        </p>
      </div>
    </main>
    <footer>
      <div class="inner">
        <nav>
          <ul>
            <li>
              <a href="https://blog.swiftpackageindex.com">Blog</a>
            </li>
            <li>
              <a href="https://github.com/SwiftPackageIndex/SwiftPackageIndex-Server">GitHub</a>
            </li>
            <li>
              <a href="/privacy">Privacy and Cookies</a>
            </li>
            <li>
              <a href="https://twitter.com/swiftpackages">Twitter</a>
            </li>
          </ul>
          <small>Kindly hosted by
            <a href="https://www.macstadium.com/">MacStadium</a>and
            <a href="https://azure.microsoft.com/en-us/">Microsoft Azure</a>
          </small>
        </nav>
      </div>
    </footer>
    <div class="staging">Staging / Development</div>
  </body>
</html>