{
  "formatVersion" : "1.0",
  "generatedAt" : "1970-01-01T00:00:00Z",
  "keywords" : [

  ],
  "name" : "Collection",
  "overview" : "Some collection",
  "packages" : [
    {
      "url" : "url",
      "versions" : [
        {
          "createdAt" : "1970-01-01T00:00:00Z",
          "defaultToolsVersion" : "5.5",
          "manifests" : {
            "5.5" : {
              "packageName" : "foo",
              "products" : [
                {
                  "name" : "p",
                  "targets" : [
                    "t"
                  ],
                  "type" : {
                    "executable" : null
                  }
                }
              ],
              "targets" : [
                {
                  "name" : "t"
                }
              ],
              "toolsVersion" : "5.5"
            }
          },
          "version" : "1.2.3"
        }
      ]
    }
  ],
  "signature" : {
    "certificate" : {
      "issuer" : {
        "commonName" : "Apple Worldwide Developer Relations Certification Authority",
        "organization" : "Apple Inc.",
        "organizationalUnit" : "G3"
      },
      "subject" : {
        "commonName" : "Swift Package Collection: SPI Operations Limited",
        "organization" : "SPI Operations Limited",
        "organizationalUnit" : "V676TFACYJ",
        "userID" : "V676TFACYJ"
      }
    },
    "signature" : "ewogICJhbGciIDogIlJTMjU2IiwKICAieDVjIiA6IFsKICAgICJNSUlGalRDQ0JIV2dBd0lCQWdJUUVma1pMdmorUFRxRmxvK1ZlNHU5NFRBTkJna3Foa2lHOXcwQkFRc0ZBREIxTVVRd1FnWURWUVFERER0QmNIQnNaU0JYYjNKc1pIZHBaR1VnUkdWMlpXeHZjR1Z5SUZKbGJHRjBhVzl1Y3lCRFpYSjBhV1pwWTJGMGFXOXVJRUYxZEdodmNtbDBlVEVMTUFrR0ExVUVDd3dDUnpNeEV6QVJCZ05WQkFvTUNrRndjR3hsSUVsdVl5NHhDekFKQmdOVkJBWVRBbFZUTUI0WERUSXhNVEF5TnpFeU1ETTBORm9YRFRJeU1UQXlOekV5TURNME0xb3dnWm94R2pBWUJnb0praWFKay9Jc1pBRUJEQXBXTmpjMlZFWkJRMWxLTVRrd053WURWUVFERERCVGQybG1kQ0JRWVdOcllXZGxJRU52Ykd4bFkzUnBiMjQ2SUZOUVNTQlBjR1Z5WVhScGIyNXpJRXhwYldsMFpXUXhFekFSQmdOVkJBc01DbFkyTnpaVVJrRkRXVW94SHpBZEJnTlZCQW9NRmxOUVNTQlBjR1Z5WVhScGIyNXpJRXhwYldsMFpXUXhDekFKQmdOVkJBWVRBbFZUTUlJQklqQU5CZ2txaGtpRzl3MEJBUUVGQUFPQ0FROEFNSUlCQ2dLQ0FRRUF3cloxemZVME01SHFJWXBjRmt4YTVxTUZDQnRLRER6MlNjMzJxNFJheHV4ZjJOQTVYeTJGSGY4Sm9pZkh6cjFRZU52UDVXMDJxNUIrK3dhRitiOWJ4dm11L2NCWkZUM2JmU3FlQXBPalBCb29IQXZnYmlTTi9JRE00OHIxcmVtTThuYmlsc2F5dDRpRGFSbUs3c0Q0M2l1YS9QRElvRnJoOXhqSlF2NUl3SzNlRzlmR2hjR3BJYUJZbFgwQk96S0VNb0FlenRCRTdBcklydnNQOUV6N1d5OTJIYlBvOVFXeWFTTXZkN3JrR0ROU1V3WGxOc3loRVRWbXBRcmo5b2F5eUZJQTd2UWNhNDUyM3hjbDh0Yjk3NkFUV1ppbjk0d2tJaGtSZjRhajhJTy9iOGVOOXJISVJDVEZ0OHV0NVBPSUFpa3JrZ0ZYS3JXTlJSaXRNQzloOXdJREFRQUJvNElCOFRDQ0FlMHdEQVlEVlIwVEFRSC9CQUl3QURBZkJnTlZIU01FR0RBV2dCUUovc0FWa1BtdlpBcVNFcmttS0dNTWwreW5zakJCQmdnckJnRUZCUWNCQVFRMU1ETXdNUVlJS3dZQkJRVUhNQUdHSldoMGRIQTZMeTl2WTNOd0xtRndjR3hsTG1OdmJTOXZZM053TURNdGQzZGtjbWN6TVRrd2dnRWVCZ05WSFNBRWdnRVZNSUlCRVRDQ0FRMEdDU3FHU0liM1kyUUZBVENCL3pDQnd3WUlLd1lCQlFVSEFnSXdnYllNZ2JOU1pXeHBZVzVqWlNCdmJpQjBhR2x6SUdObGNuUnBabWxqWVhSbElHSjVJR0Z1ZVNCd1lYSjBlU0JoYzNOMWJXVnpJR0ZqWTJWd2RHRnVZMlVnYjJZZ2RHaGxJSFJvWlc0Z1lYQndiR2xqWVdKc1pTQnpkR0Z1WkdGeVpDQjBaWEp0Y3lCaGJtUWdZMjl1WkdsMGFXOXVjeUJ2WmlCMWMyVXNJR05sY25ScFptbGpZWFJsSUhCdmJHbGplU0JoYm1RZ1kyVnlkR2xtYVdOaGRHbHZiaUJ3Y21GamRHbGpaU0J6ZEdGMFpXMWxiblJ6TGpBM0JnZ3JCZ0VGQlFjQ0FSWXJhSFIwY0hNNkx5OTNkM2N1WVhCd2JHVXVZMjl0TDJObGNuUnBabWxqWVhSbFlYVjBhRzl5YVhSNUx6QVdCZ05WSFNVQkFmOEVEREFLQmdnckJnRUZCUWNEQXpBZEJnTlZIUTRFRmdRVTRtc09WOTVsV25nOEFMV2tHbXVubVFHZ2lFMHdEZ1lEVlIwUEFRSC9CQVFEQWdlQU1CQUdDaXFHU0liM1kyUUdBU01FQWdVQU1BMEdDU3FHU0liM0RRRUJDd1VBQTRJQkFRQVBYQ09BV0E5cnRtMWFIT3k0WVFxdTkzaSs0LzVzSlk5bWx4V3Y4YUllbkNEV0pnZHd1RGNUN2Rab3VlL25QTHhDakNGb3ppSkVhTmZ5VGlXbmUxR1ltaGlnRVRsa3ZTUFVmWXQ0YVBQS0NPYVh5cTFMZGlrVWRndWVBcklYVU9Udkp0ZWdEeFpNbk9pVERWR2tuZ0tOUzFlN0RlTnF5a0RLZDhDQXEzWlByaGt3R0tzeEdFRHA4UlVoYjZnSksxbmZKeUFNUS9HLzU4Z1oyY3IrN2hteE14b3JPSm5GeWRuTzg0eGtXdTA2R0JSOTFhUDA5KzdpU3krSkJCTDZjNVRXOEtqZ3B0cWRqc0hKQ3pwSFRqdTF1NG8zZ3pJakhVRTNRTTBTUlJ2L1orWWVIcGUzMklTOFBoL0Q0NDAyanU5MDdDazFDQXFia0FjUzZPcG1Bb1BrIgogIF0KfQ.ewogICJmb3JtYXRWZXJzaW9uIiA6ICIxLjAiLAogICJnZW5lcmF0ZWRBdCIgOiAiMTk3MC0wMS0wMVQwMDowMDowMFoiLAogICJrZXl3b3JkcyIgOiBbCgogIF0sCiAgIm5hbWUiIDogIkNvbGxlY3Rpb24iLAogICJvdmVydmlldyIgOiAiU29tZSBjb2xsZWN0aW9uIiwKICAicGFja2FnZXMiIDogWwogICAgewogICAgICAidXJsIiA6ICJ1cmwiLAogICAgICAidmVyc2lvbnMiIDogWwogICAgICAgIHsKICAgICAgICAgICJjcmVhdGVkQXQiIDogIjE5NzAtMDEtMDFUMDA6MDA6MDBaIiwKICAgICAgICAgICJkZWZhdWx0VG9vbHNWZXJzaW9uIiA6ICI1LjUiLAogICAgICAgICAgIm1hbmlmZXN0cyIgOiB7CiAgICAgICAgICAgICI1LjUiIDogewogICAgICAgICAgICAgICJwYWNrYWdlTmFtZSIgOiAiZm9vIiwKICAgICAgICAgICAgICAicHJvZHVjdHMiIDogWwogICAgICAgICAgICAgICAgewogICAgICAgICAgICAgICAgICAibmFtZSIgOiAicCIsCiAgICAgICAgICAgICAgICAgICJ0YXJnZXRzIiA6IFsKICAgICAgICAgICAgICAgICAgICAidCIKICAgICAgICAgICAgICAgICAgXSwKICAgICAgICAgICAgICAgICAgInR5cGUiIDogewogICAgICAgICAgICAgICAgICAgICJleGVjdXRhYmxlIiA6IG51bGwKICAgICAgICAgICAgICAgICAgfQogICAgICAgICAgICAgICAgfQogICAgICAgICAgICAgIF0sCiAgICAgICAgICAgICAgInRhcmdldHMiIDogWwogICAgICAgICAgICAgICAgewogICAgICAgICAgICAgICAgICAibmFtZSIgOiAidCIKICAgICAgICAgICAgICAgIH0KICAgICAgICAgICAgICBdLAogICAgICAgICAgICAgICJ0b29sc1ZlcnNpb24iIDogIjUuNSIKICAgICAgICAgICAgfQogICAgICAgICAgfSwKICAgICAgICAgICJ2ZXJzaW9uIiA6ICIxLjIuMyIKICAgICAgICB9CiAgICAgIF0KICAgIH0KICBdCn0.cYkAA6rD1XFQt2wvsRTt_ZEqD4s6DCVJNNgeWHDLzmvzkSS5l6ihzafwqzJ62TcyGevVhlcEZbKFLNqI9wQk5zUqvOtLL_tgJGuLMY3N3MR8gmzSeo0w1KbYv_QBmo2VEN5dqYa4FSSiBgmBs7Li7_yFLgbKtv_TGLleEFMD3U5lqE7fdva57kc8nxhweWOxXfbWijBek9dzccs-7IMYtG9dHF3zKVnSMAGyiQb5UGfQwlbo9R9cBVdSj3xsOtaFgizraFHkWYjguUGstQblYgbGV-hfTP7tbAOUYGJlUVJZ-rSnIX1bMfoKznRe5wt9cJcm1B6dlsc7ppKbZXEw1A"
  }
}