â–¿ 18 elements
  - "./github.com-foo-2: reset"
  - "./github.com-foo-2: clean"
  - "./github.com-foo-2: fetch"
  - "./github.com-foo-2: checkout"
  - "./github.com-foo-2: reset to origin/main"
  - "./github.com-foo-2: commitCount"
  - "./github.com-foo-2: firstCommitDate"
  - "./github.com-foo-2: lastCommitDate"
  - "./github.com-foo-2: getTags"
  - "./github.com-foo-2: revisionInfo"
  - "./github.com-foo-2: revisionInfo"
  - "./github.com-foo-2: revisionInfo"
  - "./github.com-foo-2: checkout"
  - "./github.com-foo-2: dumpPackage"
  - "./github.com-foo-2: checkout"
  - "./github.com-foo-2: dumpPackage"
  - "./github.com-foo-2: checkout"
  - "./github.com-foo-2: dumpPackage"
