▿ 30 elements
  ▿ 'git checkout "1.0.0" --quiet' at path: '.../github.com-foo-1'
    - command: "git checkout \"1.0.0\" --quiet"
    - path: ".../github.com-foo-1"
  ▿ 'git checkout "1.1.1" --quiet' at path: '.../github.com-foo-1'
    - command: "git checkout \"1.1.1\" --quiet"
    - path: ".../github.com-foo-1"
  ▿ 'git checkout "2.0.0" --quiet' at path: '.../github.com-foo-2'
    - command: "git checkout \"2.0.0\" --quiet"
    - path: ".../github.com-foo-2"
  ▿ 'git checkout "2.1.0" --quiet' at path: '.../github.com-foo-2'
    - command: "git checkout \"2.1.0\" --quiet"
    - path: ".../github.com-foo-2"
  ▿ 'git checkout "master" --quiet' at path: '.../github.com-foo-1'
    - command: "git checkout \"master\" --quiet"
    - path: ".../github.com-foo-1"
  ▿ 'git checkout "master" --quiet' at path: '.../github.com-foo-2'
    - command: "git checkout \"master\" --quiet"
    - path: ".../github.com-foo-2"
  ▿ 'git checkout "master" --quiet' at path: '.../github.com-foo-2'
    - command: "git checkout \"master\" --quiet"
    - path: ".../github.com-foo-2"
  ▿ 'git clone https://github.com/foo/1 ".../github.com-foo-1" --quiet' at path: '...'
    - command: "git clone https://github.com/foo/1 \".../github.com-foo-1\" --quiet"
    - path: "..."
  ▿ 'git log --max-parents=0 -n1 --format=format:"%ct"' at path: '.../github.com-foo-1'
    - command: "git log --max-parents=0 -n1 --format=format:\"%ct\""
    - path: ".../github.com-foo-1"
  ▿ 'git log -n1 --format=format:"%H-%ct" 1.0.0' at path: '.../github.com-foo-1'
    - command: "git log -n1 --format=format:\"%H-%ct\" 1.0.0"
    - path: ".../github.com-foo-1"
  ▿ 'git log -n1 --format=format:"%H-%ct" 1.1.1' at path: '.../github.com-foo-1'
    - command: "git log -n1 --format=format:\"%H-%ct\" 1.1.1"
    - path: ".../github.com-foo-1"
  ▿ 'git log -n1 --format=format:"%H-%ct" master' at path: '.../github.com-foo-1'
    - command: "git log -n1 --format=format:\"%H-%ct\" master"
    - path: ".../github.com-foo-1"
  ▿ 'git log --max-parents=0 -n1 --format=format:"%ct"' at path: '.../github.com-foo-2'
    - command: "git log --max-parents=0 -n1 --format=format:\"%ct\""
    - path: ".../github.com-foo-2"
  ▿ 'git log -n1 --format=format:"%H-%ct" 2.0.0' at path: '.../github.com-foo-2'
    - command: "git log -n1 --format=format:\"%H-%ct\" 2.0.0"
    - path: ".../github.com-foo-2"
  ▿ 'git log -n1 --format=format:"%H-%ct" 2.1.0' at path: '.../github.com-foo-2'
    - command: "git log -n1 --format=format:\"%H-%ct\" 2.1.0"
    - path: ".../github.com-foo-2"
  ▿ 'git log -n1 --format=format:"%H-%ct" master' at path: '.../github.com-foo-2'
    - command: "git log -n1 --format=format:\"%H-%ct\" master"
    - path: ".../github.com-foo-2"
  ▿ 'git log -n1 --format=format:"%ct"' at path: '.../github.com-foo-1'
    - command: "git log -n1 --format=format:\"%ct\""
    - path: ".../github.com-foo-1"
  ▿ 'git log -n1 --format=format:"%ct"' at path: '.../github.com-foo-2'
    - command: "git log -n1 --format=format:\"%ct\""
    - path: ".../github.com-foo-2"
  ▿ 'git rev-list --count HEAD' at path: '.../github.com-foo-1'
    - command: "git rev-list --count HEAD"
    - path: ".../github.com-foo-1"
  ▿ 'git tag' at path: '.../github.com-foo-1'
    - command: "git tag"
    - path: ".../github.com-foo-1"
  ▿ 'swift package dump-package' at path: '.../github.com-foo-1'
    - command: "swift package dump-package"
    - path: ".../github.com-foo-1"
  ▿ 'swift package dump-package' at path: '.../github.com-foo-1'
    - command: "swift package dump-package"
    - path: ".../github.com-foo-1"
  ▿ 'swift package dump-package' at path: '.../github.com-foo-1'
    - command: "swift package dump-package"
    - path: ".../github.com-foo-1"
  ▿ 'git pull --quiet' at path: '.../github.com-foo-2'
    - command: "git pull --quiet"
    - path: ".../github.com-foo-2"
  ▿ 'git reset --hard' at path: '.../github.com-foo-2'
    - command: "git reset --hard"
    - path: ".../github.com-foo-2"
  ▿ 'git rev-list --count HEAD' at path: '.../github.com-foo-2'
    - command: "git rev-list --count HEAD"
    - path: ".../github.com-foo-2"
  ▿ 'git tag' at path: '.../github.com-foo-2'
    - command: "git tag"
    - path: ".../github.com-foo-2"
  ▿ 'swift package dump-package' at path: '.../github.com-foo-2'
    - command: "swift package dump-package"
    - path: ".../github.com-foo-2"
  ▿ 'swift package dump-package' at path: '.../github.com-foo-2'
    - command: "swift package dump-package"
    - path: ".../github.com-foo-2"
  ▿ 'swift package dump-package' at path: '.../github.com-foo-2'
    - command: "swift package dump-package"
    - path: ".../github.com-foo-2"
