â–¿ 5 elements
  - "rm \"-f\" \".../github.com-foo-1/.git/HEAD.lock\""
  - "rm \"-f\" \".../github.com-foo-1/.git/index.lock\""
  - "git fetch"
  - "git checkout \"master\" --quiet"
  - "git reset \"origin/master\" --hard"
