<h1>Header One</h1>
<h2>Header Two</h2>
<h3>Header Three</h3>
<h4>Header Four</h4>
<h5>Header Five</h5>
<h6>Header Six</h6>
<p># Not a Header</p>
<h2>Basic Formatting</h2>
<p><em>Italic</em> or <em>Italic</em>
<strong>Bold</strong> or <strong>Bold</strong></p>
<h2>Horizontal Lines</h2>
<hr />
<hr />
<h2>Lists</h2>
<ul>
<li>List Item One</li>
</ul>
<ul>
<li>List Item Two</li>
</ul>
<ol>
<li>List Item One</li>
</ol>
<ol start="2">
<li>List Item Two
<ul>
<li>List Item Two -&gt; Indented
<ul>
<li>List Item Two -&gt; Indented -&gt; Indented</li>
</ul>
</li>
</ul>
</li>
</ol>
<ol start="100">
<li>Start with 100</li>
<li>Continue to 101</li>
</ol>
<p>Inline <code>code</code> using backticks.</p>
<h2>Code</h2>
<pre><code>$ spi search Markdown
</code></pre>
<pre><code class="language-swift">class SyntaxHighlighter {
    func exists() -&gt; Bool {
        return false
    }
}
</code></pre>
<h2>Blockquotes</h2>
<blockquote>
<p>Blockquotes can also be nested...</p>
<blockquote>
<p>...by using additional greater-than signs right next to each other...</p>
<blockquote>
<p>...or with spaces between arrows.</p>
</blockquote>
</blockquote>
</blockquote>
<h2>Links</h2>
<p><a href="http://dev.nodeca.com">link text</a></p>
<p><a href="http://nodeca.github.io/pica/demo/" title="title text!">link with title</a></p>
<p>Autoconverted link https://github.com/nodeca/pica</p>
<h2>Emoji</h2>
<p>ðŸ˜‚ :+1: :octocat:</p>
<h2>Task List</h2>
<ul>
<li>[ ] One</li>
<li>[x] Two</li>
</ul>
<h2>Tables</h2>
<p>First Header | Second Header
------------ | -------------
Content cell 1 | Content cell 2
Content column 1 | Content column 2</p>
