<p>README content.</p> 
<img src="https://example.com/absolute/image/url.png"> 
<img src="https://github.com/root/relative/image/url.png"> 
<img src="relative/image/url.png"> 
<img src="https://github.com/url/with/encoded%20spaces.png"> 
<img src="https://github.com/url/with/unencoded%20spaces.png"> 
<img>