<p>README content.</p> 
<a href="https://example.com/absolute/url">Absolute link.</a> 
<a href="https://github.com/root/relative/url">Root relative link.</a> 
<a href="relative/url">Relative link.</a> 
<a href="https://github.com/url/with/encoded%20spaces">Encoded spaces.</a> 
<a href="https://github.com/url/with/unencoded%20spaces">Unencoded spaces.</a> 
<a href="#anchor">Anchor link.</a> 
<a>Invalid link.</a>