{
  "applinks": {
      "apps": [],
      "details": [
          {
              "appID": "A42K5AU657.com.swiftpackageindex.playgrounds-test",
              "paths": [ "/try-in-a-playground/*" ]
          }
      ]
  }
}
